------------------------------------------------------------
TimeQuest Timing Analyzer Summary
------------------------------------------------------------

Type  : Slow Model Setup 'clk'
Slack : -4.349
TNS   : -265.965

Type  : Slow Model Setup 'ctrl_unt:CtrlU|Controler:Ctrl|stateReg.Load'
Slack : 0.340
TNS   : 0.000

Type  : Slow Model Hold 'clk'
Slack : -0.959
TNS   : -18.028

Type  : Slow Model Hold 'ctrl_unt:CtrlU|Controler:Ctrl|stateReg.Load'
Slack : -0.332
TNS   : -0.984

Type  : Slow Model Recovery 'clk'
Slack : -0.432
TNS   : -1.565

Type  : Slow Model Removal 'clk'
Slack : 1.039
TNS   : 0.000

Type  : Slow Model Minimum Pulse Width 'clk'
Slack : -1.627
TNS   : -167.730

Type  : Slow Model Minimum Pulse Width 'ctrl_unt:CtrlU|Controler:Ctrl|stateReg.Load'
Slack : 0.500
TNS   : 0.000

Type  : Fast Model Setup 'clk'
Slack : -2.021
TNS   : -94.640

Type  : Fast Model Setup 'ctrl_unt:CtrlU|Controler:Ctrl|stateReg.Load'
Slack : 0.280
TNS   : 0.000

Type  : Fast Model Hold 'clk'
Slack : -0.838
TNS   : -23.934

Type  : Fast Model Hold 'ctrl_unt:CtrlU|Controler:Ctrl|stateReg.Load'
Slack : 0.311
TNS   : 0.000

Type  : Fast Model Recovery 'clk'
Slack : 0.216
TNS   : 0.000

Type  : Fast Model Removal 'clk'
Slack : 0.584
TNS   : 0.000

Type  : Fast Model Minimum Pulse Width 'clk'
Slack : -1.627
TNS   : -167.730

Type  : Fast Model Minimum Pulse Width 'ctrl_unt:CtrlU|Controler:Ctrl|stateReg.Load'
Slack : 0.500
TNS   : 0.000

------------------------------------------------------------
